{ "acknowledged" : true, "matchedCount" : 2, "modifiedCount" : 2 }
> db.febins.find()
{ "_id" : ObjectId("66222797551f5037406e435d"), "name" : "Fidha", "age" : 10 }
{ "_id" : ObjectId("662228ef551f5037406e435f"), "name" : "Hadiya", "age" : 24 }
{ "_id" : ObjectId("662228fa551f5037406e4360"), "name" : "Kavya" }
{ "_id" : ObjectId("66222902551f5037406e4361"), "name" : "Nafiya" }
{ "_id" : ObjectId("66222909551f5037406e4362"), "name" : "Lubna" }
{ "_id" : ObjectId("6622290d551f5037406e4363"), "name" : "Lubina" }
{ "_id" : ObjectId("6622292b551f5037406e4365"), "name" : "Nazeem" }
{ "_id" : ObjectId("6622295c551f5037406e4366"), "name" : "Hasna" }
{ "_id" : ObjectId("66222ac5551f5037406e4368"), "name" : "Rahul", "age" : 24 }
{ "_id" : ObjectId("66222ae7551f5037406e4369"), "name" : "roushada", "age" : 22 }
{ "_id" : ObjectId("66222b80551f5037406e436a"), "name" : "Ahash", "age" : 21 }
{ "_id" : ObjectId("6622375c551f5037406e436b"), "name" : "Ahash" }
{ "_id" : ObjectId("66223b2c551f5037406e436c"), "name" : "Raniya" }
{ "_id" : ObjectId("66223b73551f5037406e436e"), "name" : "Nibha Dani Rani" }
{ "_id" : ObjectId("66223c2d551f5037406e436f"), "name" : "Rani", "age" : 21 }
{ "_id" : ObjectId("66223c6d551f5037406e4370"), "name" : "Rani", "age" : 21 }
{ "_id" : ObjectId("66223c6d551f5037406e4371"), "name" : "fidha", "age" : 21 }
>
> var bulk=db.febins.initializeUnorderedBulkOp()
> bulk.insert({name:"Fidha",age:21})
> bulk.insert({name:"Shahana",age:21})
> bulk.insert({name:"Aysha",age:21})
> bulk.execute()
BulkWriteResult({
        "writeErrors" : [ ],
        "writeConcernErrors" : [ ],
        "nInserted" : 3,
        "nUpserted" : 0,
        "nMatched" : 0,
        "nModified" : 0,
        "nRemoved" : 0,
        "upserted" : [ ]
})
> db.febins.find()
{ "_id" : ObjectId("66222797551f5037406e435d"), "name" : "Fidha", "age" : 10 }
{ "_id" : ObjectId("662228ef551f5037406e435f"), "name" : "Hadiya", "age" : 24 }
{ "_id" : ObjectId("662228fa551f5037406e4360"), "name" : "Kavya" }
{ "_id" : ObjectId("66222902551f5037406e4361"), "name" : "Nafiya" }
{ "_id" : ObjectId("66222909551f5037406e4362"), "name" : "Lubna" }
{ "_id" : ObjectId("6622290d551f5037406e4363"), "name" : "Lubina" }
{ "_id" : ObjectId("6622292b551f5037406e4365"), "name" : "Nazeem" }
{ "_id" : ObjectId("6622295c551f5037406e4366"), "name" : "Hasna" }
{ "_id" : ObjectId("66222ac5551f5037406e4368"), "name" : "Rahul", "age" : 24 }
{ "_id" : ObjectId("66222ae7551f5037406e4369"), "name" : "roushada", "age" : 22 }
{ "_id" : ObjectId("66222b80551f5037406e436a"), "name" : "Ahash", "age" : 21 }
{ "_id" : ObjectId("6622375c551f5037406e436b"), "name" : "Ahash" }
{ "_id" : ObjectId("66223b2c551f5037406e436c"), "name" : "Raniya" }
{ "_id" : ObjectId("66223b73551f5037406e436e"), "name" : "Nibha Dani Rani" }
{ "_id" : ObjectId("66223c2d551f5037406e436f"), "name" : "Rani", "age" : 21 }
{ "_id" : ObjectId("66223c6d551f5037406e4370"), "name" : "Rani", "age" : 21 }
{ "_id" : ObjectId("66223c6d551f5037406e4371"), "name" : "fidha", "age" : 21 }
{ "_id" : ObjectId("6627802b314504351887acc9"), "name" : "Fidha", "age" : 21 }
{ "_id" : ObjectId("6627802b314504351887acca"), "name" : "Shahana", "age" : 21 }
{ "_id" : ObjectId("6627802b314504351887accb"), "name" : "Aysha", "age" : 21 }
>> db.febins.createIndex({name:-1})
{
        "numIndexesBefore" : 1,
        "numIndexesAfter" : 2,
        "createdCollectionAutomatically" : false,
        "ok" : 1
}
> db.demo.getIndexes()
[ ]
> db.febins.createIndex({name:-1})
{
        "numIndexesBefore" : 2,
        "numIndexesAfter" : 2,
        "note" : "all indexes already exist",
        "ok" : 1
}
> db.febins.getIndexes()
[
        {
                "v" : 2,
                "key" : {
                        "_id" : 1
                },
                "name" : "_id_"
        },
        {
                "v" : 2,
                "key" : {
                        "name" : -1
                },
                "name" : "name_-1"
        }
]
> db.febins.dropIndexe({name:-1})
uncaught exception: TypeError: db.febins.dropIndexe is not a function :
@(shell):1:1
> db.febins.dropIndex({name:-1})
{ "nIndexesWas" : 2, "ok" : 1 }
> db.febins.getIndexes()
[ { "v" : 2, "key" : { "_id" : 1 }, "name" : "_id_" } ]
>
